Performing C++ SOURCE FILE Test COMPILER_HAS_WMISSING_OVERRIDE failed with the following output:
Change Dir: /home/zac/catkin_ws/src/lidar_slam/lib/ThirdParty/gtsam/build/CMakeFiles/CMakeTmp

Run Build Command(s):/usr/bin/make cmTC_0e033/fast && /usr/bin/make -f CMakeFiles/cmTC_0e033.dir/build.make CMakeFiles/cmTC_0e033.dir/build
make[1]: Entering directory '/home/zac/catkin_ws/src/lidar_slam/lib/ThirdParty/gtsam/build/CMakeFiles/CMakeTmp'
Building CXX object CMakeFiles/cmTC_0e033.dir/src.cxx.o
/usr/bin/c++    -DCOMPILER_HAS_WMISSING_OVERRIDE   -Wmissing -o CMakeFiles/cmTC_0e033.dir/src.cxx.o -c /home/zac/catkin_ws/src/lidar_slam/lib/ThirdParty/gtsam/build/CMakeFiles/CMakeTmp/src.cxx
c++: error: unrecognized command line option '-Wmissing'; did you mean '-Waliasing'?
make[1]: *** [CMakeFiles/cmTC_0e033.dir/build.make:66: CMakeFiles/cmTC_0e033.dir/src.cxx.o] Error 1
make[1]: Leaving directory '/home/zac/catkin_ws/src/lidar_slam/lib/ThirdParty/gtsam/build/CMakeFiles/CMakeTmp'
make: *** [Makefile:121: cmTC_0e033/fast] Error 2


Source file was:
int main() { return 0; }
Performing C SOURCE FILE Test CMAKE_HAVE_LIBC_PTHREAD failed with the following output:
Change Dir: /home/zac/catkin_ws/src/lidar_slam/lib/ThirdParty/gtsam/build/CMakeFiles/CMakeTmp

Run Build Command(s):/usr/bin/make cmTC_f8461/fast && /usr/bin/make -f CMakeFiles/cmTC_f8461.dir/build.make CMakeFiles/cmTC_f8461.dir/build
make[1]: 进入目录“/home/zac/catkin_ws/src/lidar_slam/lib/ThirdParty/gtsam/build/CMakeFiles/CMakeTmp”
Building C object CMakeFiles/cmTC_f8461.dir/src.c.o
/usr/bin/cc   -DCMAKE_HAVE_LIBC_PTHREAD   -o CMakeFiles/cmTC_f8461.dir/src.c.o   -c /home/zac/catkin_ws/src/lidar_slam/lib/ThirdParty/gtsam/build/CMakeFiles/CMakeTmp/src.c
Linking C executable cmTC_f8461
/usr/bin/cmake -E cmake_link_script CMakeFiles/cmTC_f8461.dir/link.txt --verbose=1
/usr/bin/cc  -DCMAKE_HAVE_LIBC_PTHREAD    -rdynamic CMakeFiles/cmTC_f8461.dir/src.c.o  -o cmTC_f8461 
/usr/bin/ld: CMakeFiles/cmTC_f8461.dir/src.c.o: in function `main':
src.c:(.text+0x46): undefined reference to `pthread_create'
/usr/bin/ld: src.c:(.text+0x52): undefined reference to `pthread_detach'
/usr/bin/ld: src.c:(.text+0x63): undefined reference to `pthread_join'
collect2: error: ld returned 1 exit status
make[1]: *** [CMakeFiles/cmTC_f8461.dir/build.make:87：cmTC_f8461] 错误 1
make[1]: 离开目录“/home/zac/catkin_ws/src/lidar_slam/lib/ThirdParty/gtsam/build/CMakeFiles/CMakeTmp”
make: *** [Makefile:121：cmTC_f8461/fast] 错误 2


Source file was:
#include <pthread.h>

void* test_func(void* data)
{
  return data;
}

int main(void)
{
  pthread_t thread;
  pthread_create(&thread, NULL, test_func, NULL);
  pthread_detach(thread);
  pthread_join(thread, NULL);
  pthread_atfork(NULL, NULL, NULL);
  pthread_exit(NULL);

  return 0;
}

Determining if the function pthread_create exists in the pthreads failed with the following output:
Change Dir: /home/zac/catkin_ws/src/lidar_slam/lib/ThirdParty/gtsam/build/CMakeFiles/CMakeTmp

Run Build Command(s):/usr/bin/make cmTC_fe5af/fast && /usr/bin/make -f CMakeFiles/cmTC_fe5af.dir/build.make CMakeFiles/cmTC_fe5af.dir/build
make[1]: 进入目录“/home/zac/catkin_ws/src/lidar_slam/lib/ThirdParty/gtsam/build/CMakeFiles/CMakeTmp”
Building C object CMakeFiles/cmTC_fe5af.dir/CheckFunctionExists.c.o
/usr/bin/cc   -DCHECK_FUNCTION_EXISTS=pthread_create   -o CMakeFiles/cmTC_fe5af.dir/CheckFunctionExists.c.o   -c /usr/share/cmake-3.16/Modules/CheckFunctionExists.c
Linking C executable cmTC_fe5af
/usr/bin/cmake -E cmake_link_script CMakeFiles/cmTC_fe5af.dir/link.txt --verbose=1
/usr/bin/cc  -DCHECK_FUNCTION_EXISTS=pthread_create    -rdynamic CMakeFiles/cmTC_fe5af.dir/CheckFunctionExists.c.o  -o cmTC_fe5af  -lpthreads 
/usr/bin/ld: 找不到 -lpthreads
collect2: error: ld returned 1 exit status
make[1]: *** [CMakeFiles/cmTC_fe5af.dir/build.make:87：cmTC_fe5af] 错误 1
make[1]: 离开目录“/home/zac/catkin_ws/src/lidar_slam/lib/ThirdParty/gtsam/build/CMakeFiles/CMakeTmp”
make: *** [Makefile:121：cmTC_fe5af/fast] 错误 2



