Performing C++ SOURCE FILE Test CMAKE_HAVE_LIBC_PTHREAD failed with the following output:
Change Dir: /home/topeet/work/ws_mower/src/lidar_slam/lib/ThirdParty/Sophus_fmt/fmt/build/CMakeFiles/CMakeTmp

Run Build Command(s):/usr/bin/make cmTC_4c2cf/fast && /usr/bin/make -f CMakeFiles/cmTC_4c2cf.dir/build.make CMakeFiles/cmTC_4c2cf.dir/build
make[1]: 进入目录“/home/topeet/work/ws_mower/src/lidar_slam/lib/ThirdParty/Sophus_fmt/fmt/build/CMakeFiles/CMakeTmp”
Building CXX object CMakeFiles/cmTC_4c2cf.dir/src.cxx.o
/usr/bin/c++    -DCMAKE_HAVE_LIBC_PTHREAD   -std=gnu++11 -o CMakeFiles/cmTC_4c2cf.dir/src.cxx.o -c /home/topeet/work/ws_mower/src/lidar_slam/lib/ThirdParty/Sophus_fmt/fmt/build/CMakeFiles/CMakeTmp/src.cxx
Linking CXX executable cmTC_4c2cf
/usr/bin/cmake -E cmake_link_script CMakeFiles/cmTC_4c2cf.dir/link.txt --verbose=1
/usr/bin/c++   -DCMAKE_HAVE_LIBC_PTHREAD    CMakeFiles/cmTC_4c2cf.dir/src.cxx.o  -o cmTC_4c2cf 
/usr/bin/ld: CMakeFiles/cmTC_4c2cf.dir/src.cxx.o: in function `main':
src.cxx:(.text+0x48): undefined reference to `pthread_create'
/usr/bin/ld: src.cxx:(.text+0x50): undefined reference to `pthread_detach'
/usr/bin/ld: src.cxx:(.text+0x5c): undefined reference to `pthread_join'
collect2: error: ld returned 1 exit status
make[1]: *** [CMakeFiles/cmTC_4c2cf.dir/build.make:87：cmTC_4c2cf] 错误 1
make[1]: 离开目录“/home/topeet/work/ws_mower/src/lidar_slam/lib/ThirdParty/Sophus_fmt/fmt/build/CMakeFiles/CMakeTmp”
make: *** [Makefile:121：cmTC_4c2cf/fast] 错误 2


Source file was:
#include <pthread.h>

void* test_func(void* data)
{
  return data;
}

int main(void)
{
  pthread_t thread;
  pthread_create(&thread, NULL, test_func, NULL);
  pthread_detach(thread);
  pthread_join(thread, NULL);
  pthread_atfork(NULL, NULL, NULL);
  pthread_exit(NULL);

  return 0;
}

Determining if the function pthread_create exists in the pthreads failed with the following output:
Change Dir: /home/topeet/work/ws_mower/src/lidar_slam/lib/ThirdParty/Sophus_fmt/fmt/build/CMakeFiles/CMakeTmp

Run Build Command(s):/usr/bin/make cmTC_40588/fast && /usr/bin/make -f CMakeFiles/cmTC_40588.dir/build.make CMakeFiles/cmTC_40588.dir/build
make[1]: 进入目录“/home/topeet/work/ws_mower/src/lidar_slam/lib/ThirdParty/Sophus_fmt/fmt/build/CMakeFiles/CMakeTmp”
Building CXX object CMakeFiles/cmTC_40588.dir/CheckFunctionExists.cxx.o
/usr/bin/c++    -DCHECK_FUNCTION_EXISTS=pthread_create   -std=gnu++11 -o CMakeFiles/cmTC_40588.dir/CheckFunctionExists.cxx.o -c /home/topeet/work/ws_mower/src/lidar_slam/lib/ThirdParty/Sophus_fmt/fmt/build/CMakeFiles/CheckLibraryExists/CheckFunctionExists.cxx
Linking CXX executable cmTC_40588
/usr/bin/cmake -E cmake_link_script CMakeFiles/cmTC_40588.dir/link.txt --verbose=1
/usr/bin/c++   -DCHECK_FUNCTION_EXISTS=pthread_create    CMakeFiles/cmTC_40588.dir/CheckFunctionExists.cxx.o  -o cmTC_40588  -lpthreads 
/usr/bin/ld: 找不到 -lpthreads
collect2: error: ld returned 1 exit status
make[1]: *** [CMakeFiles/cmTC_40588.dir/build.make:87：cmTC_40588] 错误 1
make[1]: 离开目录“/home/topeet/work/ws_mower/src/lidar_slam/lib/ThirdParty/Sophus_fmt/fmt/build/CMakeFiles/CMakeTmp”
make: *** [Makefile:121：cmTC_40588/fast] 错误 2



